../Core/Src/main.c:79:6:HAL_CAN_RxFifo0MsgPendingCallback	16	static
../Core/Src/main.c:90:6:SetMotorSpeed	16	static
../Core/Src/main.c:103:6:MotorStart	16	static
../Core/Src/main.c:117:6:MotorStop	8	static
../Core/Src/main.c:129:5:main	80	static
../Core/Src/main.c:206:6:SystemClock_Config	88	static
../Core/Src/main.c:252:13:MX_CAN1_Init	48	static
../Core/Src/main.c:302:13:MX_TIM1_Init	80	static
../Core/Src/main.c:367:13:MX_USART2_UART_Init	8	static
../Core/Src/main.c:400:13:MX_GPIO_Init	48	static
../Core/Src/main.c:445:6:Error_Handler	4	static,ignoring_inline_asm
