Archive member included to satisfy reference by file (symbol)

/opt/st/stm32cubeide_1.17.0/plugins/com.st.stm32cube.ide.mcu.externaltools.gnu-tools-for-stm32.12.3.rel1.linux64_1.1.0.202410170702/tools/bin/../lib/gcc/arm-none-eabi/12.3.1/../../../../arm-none-eabi/lib/thumb/v7e-m+fp/hard/libc_nano.a(libc_a-exit.o)
                              /opt/st/stm32cubeide_1.17.0/plugins/com.st.stm32cube.ide.mcu.externaltools.gnu-tools-for-stm32.12.3.rel1.linux64_1.1.0.202410170702/tools/bin/../lib/gcc/arm-none-eabi/12.3.1/../../../../arm-none-eabi/lib/thumb/v7e-m+fp/hard/crt0.o (exit)
/opt/st/stm32cubeide_1.17.0/plugins/com.st.stm32cube.ide.mcu.externaltools.gnu-tools-for-stm32.12.3.rel1.linux64_1.1.0.202410170702/tools/bin/../lib/gcc/arm-none-eabi/12.3.1/../../../../arm-none-eabi/lib/thumb/v7e-m+fp/hard/libc_nano.a(libc_a-findfp.o)
                              /opt/st/stm32cubeide_1.17.0/plugins/com.st.stm32cube.ide.mcu.externaltools.gnu-tools-for-stm32.12.3.rel1.linux64_1.1.0.202410170702/tools/bin/../lib/gcc/arm-none-eabi/12.3.1/../../../../arm-none-eabi/lib/thumb/v7e-m+fp/hard/libc_nano.a(libc_a-exit.o) (__stdio_exit_handler)
/opt/st/stm32cubeide_1.17.0/plugins/com.st.stm32cube.ide.mcu.externaltools.gnu-tools-for-stm32.12.3.rel1.linux64_1.1.0.202410170702/tools/bin/../lib/gcc/arm-none-eabi/12.3.1/../../../../arm-none-eabi/lib/thumb/v7e-m+fp/hard/libc_nano.a(libc_a-fwalk.o)
                              /opt/st/stm32cubeide_1.17.0/plugins/com.st.stm32cube.ide.mcu.externaltools.gnu-tools-for-stm32.12.3.rel1.linux64_1.1.0.202410170702/tools/bin/../lib/gcc/arm-none-eabi/12.3.1/../../../../arm-none-eabi/lib/thumb/v7e-m+fp/hard/libc_nano.a(libc_a-findfp.o) (_fwalk_sglue)
/opt/st/stm32cubeide_1.17.0/plugins/com.st.stm32cube.ide.mcu.externaltools.gnu-tools-for-stm32.12.3.rel1.linux64_1.1.0.202410170702/tools/bin/../lib/gcc/arm-none-eabi/12.3.1/../../../../arm-none-eabi/lib/thumb/v7e-m+fp/hard/libc_nano.a(libc_a-stdio.o)
                              /opt/st/stm32cubeide_1.17.0/plugins/com.st.stm32cube.ide.mcu.externaltools.gnu-tools-for-stm32.12.3.rel1.linux64_1.1.0.202410170702/tools/bin/../lib/gcc/arm-none-eabi/12.3.1/../../../../arm-none-eabi/lib/thumb/v7e-m+fp/hard/libc_nano.a(libc_a-findfp.o) (__sread)
/opt/st/stm32cubeide_1.17.0/plugins/com.st.stm32cube.ide.mcu.externaltools.gnu-tools-for-stm32.12.3.rel1.linux64_1.1.0.202410170702/tools/bin/../lib/gcc/arm-none-eabi/12.3.1/../../../../arm-none-eabi/lib/thumb/v7e-m+fp/hard/libc_nano.a(libc_a-memset.o)
                              /opt/st/stm32cubeide_1.17.0/plugins/com.st.stm32cube.ide.mcu.externaltools.gnu-tools-for-stm32.12.3.rel1.linux64_1.1.0.202410170702/tools/bin/../lib/gcc/arm-none-eabi/12.3.1/../../../../arm-none-eabi/lib/thumb/v7e-m+fp/hard/crt0.o (memset)
/opt/st/stm32cubeide_1.17.0/plugins/com.st.stm32cube.ide.mcu.externaltools.gnu-tools-for-stm32.12.3.rel1.linux64_1.1.0.202410170702/tools/bin/../lib/gcc/arm-none-eabi/12.3.1/../../../../arm-none-eabi/lib/thumb/v7e-m+fp/hard/libc_nano.a(libc_a-closer.o)
                              /opt/st/stm32cubeide_1.17.0/plugins/com.st.stm32cube.ide.mcu.externaltools.gnu-tools-for-stm32.12.3.rel1.linux64_1.1.0.202410170702/tools/bin/../lib/gcc/arm-none-eabi/12.3.1/../../../../arm-none-eabi/lib/thumb/v7e-m+fp/hard/libc_nano.a(libc_a-stdio.o) (_close_r)
/opt/st/stm32cubeide_1.17.0/plugins/com.st.stm32cube.ide.mcu.externaltools.gnu-tools-for-stm32.12.3.rel1.linux64_1.1.0.202410170702/tools/bin/../lib/gcc/arm-none-eabi/12.3.1/../../../../arm-none-eabi/lib/thumb/v7e-m+fp/hard/libc_nano.a(libc_a-reent.o)
                              /opt/st/stm32cubeide_1.17.0/plugins/com.st.stm32cube.ide.mcu.externaltools.gnu-tools-for-stm32.12.3.rel1.linux64_1.1.0.202410170702/tools/bin/../lib/gcc/arm-none-eabi/12.3.1/../../../../arm-none-eabi/lib/thumb/v7e-m+fp/hard/libc_nano.a(libc_a-closer.o) (errno)
/opt/st/stm32cubeide_1.17.0/plugins/com.st.stm32cube.ide.mcu.externaltools.gnu-tools-for-stm32.12.3.rel1.linux64_1.1.0.202410170702/tools/bin/../lib/gcc/arm-none-eabi/12.3.1/../../../../arm-none-eabi/lib/thumb/v7e-m+fp/hard/libc_nano.a(libc_a-impure.o)
                              /opt/st/stm32cubeide_1.17.0/plugins/com.st.stm32cube.ide.mcu.externaltools.gnu-tools-for-stm32.12.3.rel1.linux64_1.1.0.202410170702/tools/bin/../lib/gcc/arm-none-eabi/12.3.1/../../../../arm-none-eabi/lib/thumb/v7e-m+fp/hard/libc_nano.a(libc_a-reent.o) (_impure_ptr)
/opt/st/stm32cubeide_1.17.0/plugins/com.st.stm32cube.ide.mcu.externaltools.gnu-tools-for-stm32.12.3.rel1.linux64_1.1.0.202410170702/tools/bin/../lib/gcc/arm-none-eabi/12.3.1/../../../../arm-none-eabi/lib/thumb/v7e-m+fp/hard/libc_nano.a(libc_a-lseekr.o)
                              /opt/st/stm32cubeide_1.17.0/plugins/com.st.stm32cube.ide.mcu.externaltools.gnu-tools-for-stm32.12.3.rel1.linux64_1.1.0.202410170702/tools/bin/../lib/gcc/arm-none-eabi/12.3.1/../../../../arm-none-eabi/lib/thumb/v7e-m+fp/hard/libc_nano.a(libc_a-stdio.o) (_lseek_r)
[...]
Memory Configuration

Name             Origin             Length             Attributes
CCMRAM           0x10000000         0x00010000         xrw
RAM              0x20000000         0x00020000         xrw
FLASH            0x08000000         0x00100000         xr
*default*        0x00000000         0xffffffff

Linker script and memory map

LOAD /opt/st/stm32cubeide_1.17.0/plugins/com.st.stm32cube.ide.mcu.externaltools.gnu-tools-for-stm32.12.3.rel1.linux64_1.1.0.202410170702/tools/bin/../lib/gcc/arm-none-eabi/12.3.1/thumb/v7e-m+fp/hard/crti.o
LOAD /opt/st/stm32cubeide_1.17.0/plugins/com.st.stm32cube.ide.mcu.externaltools.gnu-tools-for-stm32.12.3.rel1.linux64_1.1.0.202410170702/tools/bin/../lib/gcc/arm-none-eabi/12.3.1/thumb/v7e-m+fp/hard/crtbegin.o
LOAD /opt/st/stm32cubeide_1.17.0/plugins/com.st.stm32cube.ide.mcu.externaltools.gnu-tools-for-stm32.12.3.rel1.linux64_1.1.0.202410170702/tools/bin/../lib/gcc/arm-none-eabi/12.3.1/../../../../arm-none-eabi/lib/thumb/v7e-m+fp/hard/crt0.o
LOAD ./Core/Src/main.o
LOAD ./Core/Src/stm32f4xx_hal_msp.o
LOAD ./Core/Src/stm32f4xx_it.o
LOAD ./Core/Src/syscalls.o
LOAD ./Core/Src/sysmem.o
LOAD ./Core/Src/system_stm32f4xx.o
LOAD ./Core/Startup/startup_stm32f407vgtx.o
LOAD ./Drivers/STM32F4xx_HAL_Driver/Src/stm32f4xx_hal.o
LOAD ./Drivers/STM32F4xx_HAL_Driver/Src/stm32f4xx_hal_can.o
LOAD ./Drivers/STM32F4xx_HAL_Driver/Src/stm32f4xx_hal_cortex.o
LOAD ./Drivers/STM32F4xx_HAL_Driver/Src/stm32f4xx_hal_dma.o
LOAD ./Drivers/STM32F4xx_HAL_Driver/Src/stm32f4xx_hal_dma_ex.o
LOAD ./Drivers/STM32F4xx_HAL_Driver/Src/stm32f4xx_hal_exti.o
LOAD ./Drivers/STM32F4xx_HAL_Driver/Src/stm32f4xx_hal_flash.o
LOAD ./Drivers/STM32F4xx_HAL_Driver/Src/stm32f4xx_hal_flash_ex.o
LOAD ./Drivers/STM32F4xx_HAL_Driver/Src/stm32f4xx_hal_flash_ramfunc.o
LOAD ./Drivers/STM32F4xx_HAL_Driver/Src/stm32f4xx_hal_gpio.o
LOAD ./Drivers/STM32F4xx_HAL_Driver/Src/stm32f4xx_hal_pwr.o
LOAD ./Drivers/STM32F4xx_HAL_Driver/Src/stm32f4xx_hal_pwr_ex.o
LOAD ./Drivers/STM32F4xx_HAL_Driver/Src/stm32f4xx_hal_rcc.o
LOAD ./Drivers/STM32F4xx_HAL_Driver/Src/stm32f4xx_hal_rcc_ex.o
LOAD ./Drivers/STM32F4xx_HAL_Driver/Src/stm32f4xx_hal_tim.o
LOAD ./Drivers/STM32F4xx_HAL_Driver/Src/stm32f4xx_hal_tim_ex.o
LOAD ./Drivers/STM32F4xx_HAL_Driver/Src/stm32f4xx_hal_uart.o
START GROUP
LOAD /opt/st/stm32cubeide_1.17.0/plugins/com.st.stm32cube.ide.mcu.externaltools.gnu-tools-for-stm32.12.3.rel1.linux64_1.1.0.202410170702/tools/bin/../lib/gcc/arm-none-eabi/12.3.1/../../../../arm-none-eabi/lib/thumb/v7e-m+fp/hard/libc_nano.a
LOAD /opt/st/stm32cubeide_1.17.0/plugins/com.st.stm32cube.ide.mcu.externaltools.gnu-tools-for-stm32.12.3.rel1.linux64_1.1.0.202410170702/tools/bin/../lib/gcc/arm-none-eabi/12.3.1/../../../../arm-none-eabi/lib/thumb/v7e-m+fp/hard/libm.a
END GROUP
START GROUP
LOAD /opt/st/stm32cubeide_1.17.0/plugins/com.st.stm32cube.ide.mcu.externaltools.gnu-tools-for-stm32.12.3.rel1.linux64_1.1.0.202410170702/tools/bin/../lib/gcc/arm-none-eabi/12.3.1/thumb/v7e-m+fp/hard/libgcc.a
LOAD /opt/st/stm32cubeide_1.17.0/plugins/com.st.stm32cube.ide.mcu.externaltools.gnu-tools-for-stm32.12.3.rel1.linux64_1.1.0.202410170702/tools/bin/../lib/gcc/arm-none-eabi/12.3.1/../../../../arm-none-eabi/lib/thumb/v7e-m+fp/hard/libc_nano.a
END GROUP
START GROUP
LOAD /opt/st/stm32cubeide_1.17.0/plugins/com.st.stm32cube.ide.mcu.externaltools.gnu-tools-for-stm32.12.3.rel1.linux64_1.1.0.202410170702/tools/bin/../lib/gcc/arm-none-eabi/12.3.1/thumb/v7e-m+fp/hard/libgcc.a
LOAD /opt/st/stm32cubeide_1.17.0/plugins/com.st.stm32cube.ide.mcu.externaltools.gnu-tools-for-stm32.12.3.rel1.linux64_1.1.0.202410170702/tools/bin/../lib/gcc/arm-none-eabi/12.3.1/../../../../arm-none-eabi/lib/thumb/v7e-m+fp/hard/libc_nano.a
LOAD /opt/st/stm32cubeide_1.17.0/plugins/com.st.stm32cube.ide.mcu.externaltools.gnu-tools-for-stm32.12.3.rel1.linux64_1.1.0.202410170702/tools/bin/../lib/gcc/arm-none-eabi/12.3.1/../../../../arm-none-eabi/lib/thumb/v7e-m+fp/hard/libnosys.a
END GROUP
START GROUP
LOAD /opt/st/stm32cubeide_1.17.0/plugins/com.st.stm32cube.ide.mcu.externaltools.gnu-tools-for-stm32.12.3.rel1.linux64_1.1.0.202410170702/tools/bin/../lib/gcc/arm-none-eabi/12.3.1/thumb/v7e-m+fp/hard/libgcc.a
LOAD /opt/st/stm32cubeide_1.17.0/plugins/com.st.stm32cube.ide.mcu.externaltools.gnu-tools-for-stm32.12.3.rel1.linux64_1.1.0.202410170702/tools/bin/../lib/gcc/arm-none-eabi/12.3.1/../../../../arm-none-eabi/lib/thumb/v7e-m+fp/hard/libc_nano.a
LOAD /opt/st/stm32cubeide_1.17.0/plugins/com.st.stm32cube.ide.mcu.externaltools.gnu-tools-for-stm32.12.3.rel1.linux64_1.1.0.202410170702/tools/bin/../lib/gcc/arm-none-eabi/12.3.1/../../../../arm-none-eabi/lib/thumb/v7e-m+fp/hard/libnosys.a
END GROUP
LOAD /opt/st/stm32cubeide_1.17.0/plugins/com.st.stm32cube.ide.mcu.externaltools.gnu-tools-for-stm32.12.3.rel1.linux64_1.1.0.202410170702/tools/bin/../lib/gcc/arm-none-eabi/12.3.1/thumb/v7e-m+fp/hard/crtend.o
LOAD /opt/st/stm32cubeide_1.17.0/plugins/com.st.stm32cube.ide.mcu.externaltools.gnu-tools-for-stm32.12.3.rel1.linux64_1.1.0.202410170702/tools/bin/../lib/gcc/arm-none-eabi/12.3.1/thumb/v7e-m+fp/hard/crtn.o
                0x20020000                        _estack = (ORIGIN (RAM) + LENGTH (RAM))
                0x00000200                        _Min_Heap_Size = 0x200
                0x00000400                        _Min_Stack_Size = 0x400

.isr_vector     0x08000000      0x188
                0x08000000                        . = ALIGN (0x4)
 *(.isr_vector)
 .isr_vector    0x08000000      0x188 ./Core/Startup/startup_stm32f407vgtx.o
                0x08000000                g_pfnVectors
                0x08000188                        . = ALIGN (0x4)

.text           0x08000188     0x4214
                0x08000188                        . = ALIGN (0x4)
 *(.text)
 .text          0x08000188       0x40 /opt/st/stm32cubeide_1.17.0/plugins/com.st.stm32cube.ide.mcu.externaltools.gnu-tools-for-stm32.12.3.rel1.linux64_1.1.0.202410170702/tools/bin/../lib/gcc/arm-none-eabi/12.3.1/thumb/v7e-m+fp/hard/crtbegin.o
 .text          0x080001c8      0x254 /opt/st/stm32cubeide_1.17.0/plugins/com.st.stm32cube.ide.mcu.externaltools.gnu-tools-for-stm32.12.3.rel1.linux64_1.1.0.202410170702/tools/bin/../lib/gcc/arm-none-eabi/12.3.1/thumb/v7e-m+fp/hard/libgcc.a(_arm_muldf3.o)
                0x080001c8                __aeabi_dmul
                0x080001c8                __muldf3
 .text          0x0800041c      0x378 /opt/st/stm32cubeide_1.17.0/plugins/com.st.stm32cube.ide.mcu.externaltools.gnu-tools-for-stm32.12.3.rel1.linux64_1.1.0.202410170702/tools/bin/../lib/gcc/arm-none-eabi/12.3.1/thumb/v7e-m+fp/hard/libgcc.a(_arm_addsubdf3.o)
                0x0800041c                __aeabi_drsub
                0x08000424                __aeabi_dsub
                0x08000424                __subdf3
                0x08000428                __adddf3
                0x08000428                __aeabi_dadd
                0x080006a0                __aeabi_ui2d
                0x080006a0                __floatunsidf
                0x080006c0                __floatsidf
                0x080006c0                __aeabi_i2d
                0x080006e4                __extendsfdf2
                0x080006e4                __aeabi_f2d
                0x08000728                __aeabi_ul2d
                0x08000728                __floatundidf
                0x08000738                __floatdidf
                0x08000738                __aeabi_l2d
 .text          0x08000794       0x40 /opt/st/stm32cubeide_1.17.0/plugins/com.st.stm32cube.ide.mcu.externaltools.gnu-tools-for-stm32.12.3.rel1.linux64_1.1.0.202410170702/tools/bin/../lib/gcc/arm-none-eabi/12.3.1/thumb/v7e-m+fp/hard/libgcc.a(_arm_fixunsdfsi.o)
                0x08000794                __fixunsdfsi
                0x08000794                __aeabi_d2uiz
 .text          0x080007d4       0x30 /opt/st/stm32cubeide_1.17.0/plugins/com.st.stm32cube.ide.mcu.externaltools.gnu-tools-for-stm32.12.3.rel1.linux64_1.1.0.202410170702/tools/bin/../lib/gcc/arm-none-eabi/12.3.1/thumb/v7e-m+fp/hard/libgcc.a(_aeabi_uldivmod.o)
                0x080007d4                __aeabi_uldivmod
 .text          0x08000804      0x2bc /opt/st/stm32cubeide_1.17.0/plugins/com.st.stm32cube.ide.mcu.externaltools.gnu-tools-for-stm32.12.3.rel1.linux64_1.1.0.202410170702/tools/bin/../lib/gcc/arm-none-eabi/12.3.1/thumb/v7e-m+fp/hard/libgcc.a(_udivmoddi4.o)
                0x08000804                __udivmoddi4
 .text          0x08000ac0        0x4 /opt/st/stm32cubeide_1.17.0/plugins/com.st.stm32cube.ide.mcu.externaltools.gnu-tools-for-stm32.12.3.rel1.linux64_1.1.0.202410170702/tools/bin/../lib/gcc/arm-none-eabi/12.3.1/thumb/v7e-m+fp/hard/libgcc.a(_dvmd_tls.o)
                0x08000ac0                __aeabi_ldiv0
                0x08000ac0                __aeabi_idiv0
 *(.text*)
 .text.Ultrasonic_distance
                0x08000ac4       0x40 ./Core/Src/main.o
                0x08000ac4                Ultrasonic_distance
 *fill*         0x08000b04        0x4 
 .text.HAL_TIM_IC_CaptureCallback
                0x08000b08      0x12c ./Core/Src/main.o
                0x08000b08                HAL_TIM_IC_CaptureCallback
 .text.main     0x08000c34       0xd8 ./Core/Src/main.o
                0x08000c34                main
 .text.SystemClock_Config
                0x08000d0c       0xd4 ./Core/Src/main.o
                0x08000d0c                SystemClock_Config
 .text.MX_CAN1_Init
                0x08000de0       0xac ./Core/Src/main.o
 .text.MX_TIM4_Init
                0x08000e8c       0xe0 ./Core/Src/main.o
 .text.MX_USART2_UART_Init
                0x08000f6c       0x54 ./Core/Src/main.o
 .text.MX_GPIO_Init
                0x08000fc0       0xdc ./Core/Src/main.o
 .text.Error_Handler
                0x0800109c        0xc ./Core/Src/main.o
                0x0800109c                Error_Handler
 .text.HAL_MspInit
                0x080010a8       0x50 ./Core/Src/stm32f4xx_hal_msp.o
                0x080010a8                HAL_MspInit
 .text.HAL_CAN_MspInit
                0x080010f8       0xa0 ./Core/Src/stm32f4xx_hal_msp.o
                0x080010f8                HAL_CAN_MspInit
 .text.HAL_TIM_Base_MspInit
                0x08001198       0xa0 ./Core/Src/stm32f4xx_hal_msp.o
                0x08001198                HAL_TIM_Base_MspInit
 .text.HAL_UART_MspInit
                0x08001238       0x90 ./Core/Src/stm32f4xx_hal_msp.o
                0x08001238                HAL_UART_MspInit
 .text.NMI_Handler
                0x080012c8        0x8 ./Core/Src/stm32f4xx_it.o
                0x080012c8                NMI_Handler
 .text.HardFault_Handler
                0x080012d0        0x8 ./Core/Src/stm32f4xx_it.o
                0x080012d0                HardFault_Handler
 .text.MemManage_Handler
                0x080012d8        0x8 ./Core/Src/stm32f4xx_it.o
                0x080012d8                MemManage_Handler
 .text.BusFault_Handler
                0x080012e0        0x8 ./Core/Src/stm32f4xx_it.o
                0x080012e0                BusFault_Handler
 .text.UsageFault_Handler
                0x080012e8        0x8 ./Core/Src/stm32f4xx_it.o
                0x080012e8                UsageFault_Handler
 .text.SVC_Handler
                0x080012f0        0xe ./Core/Src/stm32f4xx_it.o
                0x080012f0                SVC_Handler
 .text.DebugMon_Handler
                0x080012fe        0xe ./Core/Src/stm32f4xx_it.o
                0x080012fe                DebugMon_Handler
 .text.PendSV_Handler
                0x0800130c        0xe ./Core/Src/stm32f4xx_it.o
                0x0800130c                PendSV_Handler
 .text.SysTick_Handler
                0x0800131a        0xc ./Core/Src/stm32f4xx_it.o
                0x0800131a                SysTick_Handler
 *fill*         0x08001326        0x2 
 .text.CAN1_RX0_IRQHandler
                0x08001328       0x14 ./Core/Src/stm32f4xx_it.o
                0x08001328                CAN1_RX0_IRQHandler
 .text.TIM4_IRQHandler
                0x0800133c       0x14 ./Core/Src/stm32f4xx_it.o
                0x0800133c                TIM4_IRQHandler
 .text.SystemInit
                0x08001350       0x24 ./Core/Src/system_stm32f4xx.o
                0x08001350                SystemInit
 .text.Reset_Handler
                0x08001374       0x50 ./Core/Startup/startup_stm32f407vgtx.o
                0x08001374                Reset_Handler
 .text.Default_Handler
                0x080013c4        0x2 ./Core/Startup/startup_stm32f407vgtx.o
                0x080013c4                RTC_Alarm_IRQHandler
                0x080013c4                HASH_RNG_IRQHandler
                0x080013c4                EXTI2_IRQHandler
                0x080013c4                TIM8_CC_IRQHandler
                0x080013c4                TIM1_CC_IRQHandler
                0x080013c4                DMA2_Stream5_IRQHandler
                0x080013c4                DMA1_Stream5_IRQHandler
                0x080013c4                PVD_IRQHandler
                0x080013c4                SDIO_IRQHandler
                0x080013c4                TAMP_STAMP_IRQHandler
                0x080013c4                CAN2_RX1_IRQHandler
                0x080013c4                EXTI3_IRQHandler
                0x080013c4                TIM8_TRG_COM_TIM14_IRQHandler
                0x080013c4                TIM1_UP_TIM10_IRQHandler
                0x080013c4                TIM8_UP_TIM13_IRQHandler
                0x080013c4                I2C3_ER_IRQHandler
                0x080013c4                EXTI0_IRQHandler
                0x080013c4                I2C2_EV_IRQHandler
                0x080013c4                DMA1_Stream2_IRQHandler
                0x080013c4                FPU_IRQHandler
                0x080013c4                OTG_HS_WKUP_IRQHandler
                0x080013c4                CAN2_SCE_IRQHandler
                0x080013c4                DMA2_Stream2_IRQHandler
                0x080013c4                SPI1_IRQHandler
                0x080013c4                TIM6_DAC_IRQHandler
                0x080013c4                TIM1_BRK_TIM9_IRQHandler
                0x080013c4                DCMI_IRQHandler
                0x080013c4                CAN2_RX0_IRQHandler
                0x080013c4                DMA2_Stream3_IRQHandler
                0x080013c4                USART6_IRQHandler
                0x080013c4                USART3_IRQHandler
                0x080013c4                CAN1_RX1_IRQHandler
                0x080013c4                UART5_IRQHandler
                0x080013c4                DMA2_Stream0_IRQHandler
                0x080013c4                I2C1_EV_IRQHandler
                0x080013c4                DMA1_Stream6_IRQHandler
                0x080013c4                DMA1_Stream1_IRQHandler
                0x080013c4                UART4_IRQHandler
                0x080013c4                TIM3_IRQHandler
                0x080013c4                RCC_IRQHandler
                0x080013c4                TIM8_BRK_TIM12_IRQHandler
                0x080013c4                Default_Handler
                0x080013c4                EXTI15_10_IRQHandler
                0x080013c4                ADC_IRQHandler
                0x080013c4                DMA1_Stream7_IRQHandler
                0x080013c4                TIM7_IRQHandler
                0x080013c4                CAN2_TX_IRQHandler
                0x080013c4                TIM5_IRQHandler
                0x080013c4                DMA2_Stream7_IRQHandler
                0x080013c4                I2C3_EV_IRQHandler
                0x080013c4                EXTI9_5_IRQHandler
                0x080013c4                RTC_WKUP_IRQHandler
                0x080013c4                ETH_WKUP_IRQHandler
                0x080013c4                SPI2_IRQHandler
                0x080013c4                OTG_HS_EP1_IN_IRQHandler
                0x080013c4                DMA1_Stream0_IRQHandler
                0x080013c4                CAN1_TX_IRQHandler
                0x080013c4                EXTI4_IRQHandler
                0x080013c4                FSMC_IRQHandler
                0x080013c4                ETH_IRQHandler
                0x080013c4                OTG_HS_EP1_OUT_IRQHandler
                0x080013c4                WWDG_IRQHandler
                0x080013c4                TIM2_IRQHandler
                0x080013c4                OTG_FS_WKUP_IRQHandler
                0x080013c4                TIM1_TRG_COM_TIM11_IRQHandler
                0x080013c4                OTG_HS_IRQHandler
                0x080013c4                EXTI1_IRQHandler
                0x080013c4                USART2_IRQHandler
                0x080013c4                I2C2_ER_IRQHandler
                0x080013c4                DMA2_Stream1_IRQHandler
                0x080013c4                CAN1_SCE_IRQHandler
                0x080013c4                FLASH_IRQHandler
                0x080013c4                DMA2_Stream4_IRQHandler
                0x080013c4                USART1_IRQHandler
                0x080013c4                OTG_FS_IRQHandler
                0x080013c4                SPI3_IRQHandler
                0x080013c4                DMA1_Stream4_IRQHandler
                0x080013c4                I2C1_ER_IRQHandler
                0x080013c4                DMA2_Stream6_IRQHandler
                0x080013c4                DMA1_Stream3_IRQHandler
 *fill*         0x080013c6        0x2 
 .text.HAL_Init
                0x080013c8       0x44 ./Drivers/STM32F4xx_HAL_Driver/Src/stm32f4xx_hal.o
                0x080013c8                HAL_Init
 .text.HAL_InitTick
                0x0800140c       0x60 ./Drivers/STM32F4xx_HAL_Driver/Src/stm32f4xx_hal.o
                0x0800140c                HAL_InitTick
 .text.HAL_IncTick
                0x0800146c       0x28 ./Drivers/STM32F4xx_HAL_Driver/Src/stm32f4xx_hal.o
                0x0800146c                HAL_IncTick
 .text.HAL_GetTick
                0x08001494       0x18 ./Drivers/STM32F4xx_HAL_Driver/Src/stm32f4xx_hal.o
                0x08001494                HAL_GetTick
 .text.HAL_Delay
                0x080014ac       0x48 ./Drivers/STM32F4xx_HAL_Driver/Src/stm32f4xx_hal.o
                0x080014ac                HAL_Delay
 .text.HAL_CAN_Init
                0x080014f4      0x1f6 ./Drivers/STM32F4xx_HAL_Driver/Src/stm32f4xx_hal_can.o
                0x080014f4                HAL_CAN_Init
 *fill*         0x080016ea        0x2 
 .text.HAL_CAN_ConfigFilter
                0x080016ec      0x1c0 ./Drivers/STM32F4xx_HAL_Driver/Src/stm32f4xx_hal_can.o
                0x080016ec                HAL_CAN_ConfigFilter
 .text.HAL_CAN_Start
                0x080018ac       0x88 ./Drivers/STM32F4xx_HAL_Driver/Src/stm32f4xx_hal_can.o
                0x080018ac                HAL_CAN_Start
 .text.HAL_CAN_AddTxMessage
                0x08001934      0x1a0 ./Drivers/STM32F4xx_HAL_Driver/Src/stm32f4xx_hal_can.o
                0x08001934                HAL_CAN_AddTxMessage
 .text.HAL_CAN_IRQHandler
                0x08001ad4      0x36e ./Drivers/STM32F4xx_HAL_Driver/Src/stm32f4xx_hal_can.o
                0x08001ad4                HAL_CAN_IRQHandler
 .text.HAL_CAN_TxMailbox0CompleteCallback
                0x08001e42       0x14 ./Drivers/STM32F4xx_HAL_Driver/Src/stm32f4xx_hal_can.o
                0x08001e42                HAL_CAN_TxMailbox0CompleteCallback
 .text.HAL_CAN_TxMailbox1CompleteCallback
                0x08001e56       0x14 ./Drivers/STM32F4xx_HAL_Driver/Src/stm32f4xx_hal_can.o
                0x08001e56                HAL_CAN_TxMailbox1CompleteCallback
 .text.HAL_CAN_TxMailbox2CompleteCallback
                0x08001e6a       0x14 ./Drivers/STM32F4xx_HAL_Driver/Src/stm32f4xx_hal_can.o
                0x08001e6a                HAL_CAN_TxMailbox2CompleteCallback
 .text.HAL_CAN_TxMailbox0AbortCallback
                0x08001e7e       0x14 ./Drivers/STM32F4xx_HAL_Driver/Src/stm32f4xx_hal_can.o
                0x08001e7e                HAL_CAN_TxMailbox0AbortCallback
 .text.HAL_CAN_TxMailbox1AbortCallback
                0x08001e92       0x14 ./Drivers/STM32F4xx_HAL_Driver/Src/stm32f4xx_hal_can.o
                0x08001e92                HAL_CAN_TxMailbox1AbortCallback
 .text.HAL_CAN_TxMailbox2AbortCallback
                0x08001ea6       0x14 ./Drivers/STM32F4xx_HAL_Driver/Src/stm32f4xx_hal_can.o
                0x08001ea6                HAL_CAN_TxMailbox2AbortCallback
 .text.HAL_CAN_RxFifo0MsgPendingCallback
                0x08001eba       0x14 ./Drivers/STM32F4xx_HAL_Driver/Src/stm32f4xx_hal_can.o
                0x08001eba                HAL_CAN_RxFifo0MsgPendingCallback
 .text.HAL_CAN_RxFifo0FullCallback
                0x08001ece       0x14 ./Drivers/STM32F4xx_HAL_Driver/Src/stm32f4xx_hal_can.o
                0x08001ece                HAL_CAN_RxFifo0FullCallback
 .text.HAL_CAN_RxFifo1MsgPendingCallback
                0x08001ee2       0x14 ./Drivers/STM32F4xx_HAL_Driver/Src/stm32f4xx_hal_can.o
                0x08001ee2                HAL_CAN_RxFifo1MsgPendingCallback
 .text.HAL_CAN_RxFifo1FullCallback
                0x08001ef6       0x14 ./Drivers/STM32F4xx_HAL_Driver/Src/stm32f4xx_hal_can.o
                0x08001ef6                HAL_CAN_RxFifo1FullCallback
 .text.HAL_CAN_SleepCallback
                0x08001f0a       0x14 ./Drivers/STM32F4xx_HAL_Driver/Src/stm32f4xx_hal_can.o
                0x08001f0a                HAL_CAN_SleepCallback
 .text.HAL_CAN_WakeUpFromRxMsgCallback
                0x08001f1e       0x14 ./Drivers/STM32F4xx_HAL_Driver/Src/stm32f4xx_hal_can.o
                0x08001f1e                HAL_CAN_WakeUpFromRxMsgCallback
 .text.HAL_CAN_ErrorCallback
                0x08001f32       0x14 ./Drivers/STM32F4xx_HAL_Driver/Src/stm32f4xx_hal_can.o
                0x08001f32                HAL_CAN_ErrorCallback
 *fill*         0x08001f46        0x2 
 .text.__NVIC_SetPriorityGrouping
                0x08001f48       0x48 ./Drivers/STM32F4xx_HAL_Driver/Src/stm32f4xx_hal_cortex.o
 .text.__NVIC_GetPriorityGrouping
                0x08001f90       0x1c ./Drivers/STM32F4xx_HAL_Driver/Src/stm32f4xx_hal_cortex.o
 .text.__NVIC_EnableIRQ
                0x08001fac       0x3c ./Drivers/STM32F4xx_HAL_Driver/Src/stm32f4xx_hal_cortex.o
 .text.__NVIC_SetPriority
                0x08001fe8       0x54 ./Drivers/STM32F4xx_HAL_Driver/Src/stm32f4xx_hal_cortex.o
 .text.NVIC_EncodePriority
                0x0800203c       0x66 ./Drivers/STM32F4xx_HAL_Driver/Src/stm32f4xx_hal_cortex.o
 *fill*         0x080020a2        0x2 
 .text.SysTick_Config
                0x080020a4       0x44 ./Drivers/STM32F4xx_HAL_Driver/Src/stm32f4xx_hal_cortex.o
 .text.HAL_NVIC_SetPriorityGrouping
                0x080020e8       0x16 ./Drivers/STM32F4xx_HAL_Driver/Src/stm32f4xx_hal_cortex.o
                0x080020e8                HAL_NVIC_SetPriorityGrouping
 .text.HAL_NVIC_SetPriority
                0x080020fe       0x38 ./Drivers/STM32F4xx_HAL_Driver/Src/stm32f4xx_hal_cortex.o
                0x080020fe                HAL_NVIC_SetPriority
 .text.HAL_NVIC_EnableIRQ
                0x08002136       0x1c ./Drivers/STM32F4xx_HAL_Driver/Src/stm32f4xx_hal_cortex.o
                0x08002136                HAL_NVIC_EnableIRQ
 .text.HAL_SYSTICK_Config
                0x08002152       0x18 ./Drivers/STM32F4xx_HAL_Driver/Src/stm32f4xx_hal_cortex.o
                0x08002152                HAL_SYSTICK_Config
 *fill*         0x0800216a        0x2 
 .text.HAL_GPIO_Init
                0x0800216c      0x338 ./Drivers/STM32F4xx_HAL_Driver/Src/stm32f4xx_hal_gpio.o
                0x0800216c                HAL_GPIO_Init
 .text.HAL_GPIO_ReadPin
                0x080024a4       0x30 ./Drivers/STM32F4xx_HAL_Driver/Src/stm32f4xx_hal_gpio.o
                0x080024a4                HAL_GPIO_ReadPin
 .text.HAL_GPIO_WritePin
                0x080024d4       0x32 ./Drivers/STM32F4xx_HAL_Driver/Src/stm32f4xx_hal_gpio.o
                0x080024d4                HAL_GPIO_WritePin
 *fill*         0x08002506        0x2 
 .text.HAL_RCC_OscConfig
                0x08002508      0x4f0 ./Drivers/STM32F4xx_HAL_Driver/Src/stm32f4xx_hal_rcc.o
                0x08002508                HAL_RCC_OscConfig
 .text.HAL_RCC_ClockConfig
                0x080029f8      0x1cc ./Drivers/STM32F4xx_HAL_Driver/Src/stm32f4xx_hal_rcc.o
                0x080029f8                HAL_RCC_ClockConfig
 .text.HAL_RCC_GetSysClockFreq
                0x08002bc4      0x20c ./Drivers/STM32F4xx_HAL_Driver/Src/stm32f4xx_hal_rcc.o
                0x08002bc4                HAL_RCC_GetSysClockFreq
 .text.HAL_RCC_GetHCLKFreq
                0x08002dd0       0x18 ./Drivers/STM32F4xx_HAL_Driver/Src/stm32f4xx_hal_rcc.o
                0x08002dd0                HAL_RCC_GetHCLKFreq
 .text.HAL_RCC_GetPCLK1Freq
                0x08002de8       0x28 ./Drivers/STM32F4xx_HAL_Driver/Src/stm32f4xx_hal_rcc.o
                0x08002de8                HAL_RCC_GetPCLK1Freq
 .text.HAL_RCC_GetPCLK2Freq
                0x08002e10       0x28 ./Drivers/STM32F4xx_HAL_Driver/Src/stm32f4xx_hal_rcc.o
                0x08002e10                HAL_RCC_GetPCLK2Freq
 .text.HAL_TIM_Base_Init
                0x08002e38       0x9e ./Drivers/STM32F4xx_HAL_Driver/Src/stm32f4xx_hal_tim.o
                0x08002e38                HAL_TIM_Base_Init
 .text.HAL_TIM_IC_Init
                0x08002ed6       0x9e ./Drivers/STM32F4xx_HAL_Driver/Src/stm32f4xx_hal_tim.o
                0x08002ed6                HAL_TIM_IC_Init
 .text.HAL_TIM_IC_MspInit
                0x08002f74       0x14 ./Drivers/STM32F4xx_HAL_Driver/Src/stm32f4xx_hal_tim.o
                0x08002f74                HAL_TIM_IC_MspInit
 .text.HAL_TIM_IC_Start_IT
                0x08002f88      0x250 ./Drivers/STM32F4xx_HAL_Driver/Src/stm32f4xx_hal_tim.o
                0x08002f88                HAL_TIM_IC_Start_IT
 .text.HAL_TIM_IRQHandler
                0x080031d8      0x1e0 ./Drivers/STM32F4xx_HAL_Driver/Src/stm32f4xx_hal_tim.o
                0x080031d8                HAL_TIM_IRQHandler
 .text.HAL_TIM_IC_ConfigChannel
                0x080033b8      0x138 ./Drivers/STM32F4xx_HAL_Driver/Src/stm32f4xx_hal_tim.o
                0x080033b8                HAL_TIM_IC_ConfigChannel
 .text.HAL_TIM_ConfigClockSource
                0x080034f0      0x18e ./Drivers/STM32F4xx_HAL_Driver/Src/stm32f4xx_hal_tim.o
                0x080034f0                HAL_TIM_ConfigClockSource
 *fill*         0x0800367e        0x2 
 .text.HAL_TIM_ReadCapturedValue
                0x08003680       0x88 ./Drivers/STM32F4xx_HAL_Driver/Src/stm32f4xx_hal_tim.o
                0x08003680                HAL_TIM_ReadCapturedValue
 .text.HAL_TIM_PeriodElapsedCallback
                0x08003708       0x14 ./Drivers/STM32F4xx_HAL_Driver/Src/stm32f4xx_hal_tim.o
                0x08003708                HAL_TIM_PeriodElapsedCallback
 .text.HAL_TIM_OC_DelayElapsedCallback
                0x0800371c       0x14 ./Drivers/STM32F4xx_HAL_Driver/Src/stm32f4xx_hal_tim.o
                0x0800371c                HAL_TIM_OC_DelayElapsedCallback
 .text.HAL_TIM_PWM_PulseFinishedCallback
                0x08003730       0x14 ./Drivers/STM32F4xx_HAL_Driver/Src/stm32f4xx_hal_tim.o
                0x08003730                HAL_TIM_PWM_PulseFinishedCallback
 .text.HAL_TIM_TriggerCallback
                0x08003744       0x14 ./Drivers/STM32F4xx_HAL_Driver/Src/stm32f4xx_hal_tim.o
                0x08003744                HAL_TIM_TriggerCallback
 .text.TIM_Base_SetConfig
                0x08003758      0x158 ./Drivers/STM32F4xx_HAL_Driver/Src/stm32f4xx_hal_tim.o
                0x08003758                TIM_Base_SetConfig
 .text.TIM_TI1_SetConfig
                0x080038b0       0xe8 ./Drivers/STM32F4xx_HAL_Driver/Src/stm32f4xx_hal_tim.o
                0x080038b0                TIM_TI1_SetConfig
 .text.TIM_TI1_ConfigInputStage
                0x08003998       0x5e ./Drivers/STM32F4xx_HAL_Driver/Src/stm32f4xx_hal_tim.o
 .text.TIM_TI2_SetConfig
                0x080039f6       0x7a ./Drivers/STM32F4xx_HAL_Driver/Src/stm32f4xx_hal_tim.o
 .text.TIM_TI2_ConfigInputStage
                0x08003a70       0x60 ./Drivers/STM32F4xx_HAL_Driver/Src/stm32f4xx_hal_tim.o
 .text.TIM_TI3_SetConfig
                0x08003ad0       0x78 ./Drivers/STM32F4xx_HAL_Driver/Src/stm32f4xx_hal_tim.o
 .text.TIM_TI4_SetConfig
                0x08003b48       0x7a ./Drivers/STM32F4xx_HAL_Driver/Src/stm32f4xx_hal_tim.o
 .text.TIM_ITRx_SetConfig
                0x08003bc2       0x36 ./Drivers/STM32F4xx_HAL_Driver/Src/stm32f4xx_hal_tim.o
 .text.TIM_ETR_SetConfig
                0x08003bf8       0x40 ./Drivers/STM32F4xx_HAL_Driver/Src/stm32f4xx_hal_tim.o
                0x08003bf8                TIM_ETR_SetConfig
 .text.TIM_CCxChannelCmd
                0x08003c38       0x4a ./Drivers/STM32F4xx_HAL_Driver/Src/stm32f4xx_hal_tim.o
                0x08003c38                TIM_CCxChannelCmd
 *fill*         0x08003c82        0x2 
 .text.HAL_TIMEx_MasterConfigSynchronization
                0x08003c84       0xf8 ./Drivers/STM32F4xx_HAL_Driver/Src/stm32f4xx_hal_tim_ex.o
                0x08003c84                HAL_TIMEx_MasterConfigSynchronization
 .text.HAL_TIMEx_CommutCallback
                0x08003d7c       0x14 ./Drivers/STM32F4xx_HAL_Driver/Src/stm32f4xx_hal_tim_ex.o
                0x08003d7c                HAL_TIMEx_CommutCallback
 .text.HAL_TIMEx_BreakCallback
                0x08003d90       0x14 ./Drivers/STM32F4xx_HAL_Driver/Src/stm32f4xx_hal_tim_ex.o
                0x08003d90                HAL_TIMEx_BreakCallback
 .text.HAL_UART_Init
                0x08003da4       0xa0 ./Drivers/STM32F4xx_HAL_Driver/Src/stm32f4xx_hal_uart.o
                0x08003da4                HAL_UART_Init
 .text.UART_SetConfig
                0x08003e44      0x4e8 ./Drivers/STM32F4xx_HAL_Driver/Src/stm32f4xx_hal_uart.o
 .text.memset   0x0800432c       0x10 /opt/st/stm32cubeide_1.17.0/plugins/com.st.stm32cube.ide.mcu.externaltools.gnu-tools-for-stm32.12.3.rel1.linux64_1.1.0.202410170702/tools/bin/../lib/gcc/arm-none-eabi/12.3.1/../../../../arm-none-eabi/lib/thumb/v7e-m+fp/hard/libc_nano.a(libc_a-memset.o)
                0x0800432c                memset
 .text.__libc_init_array
                0x0800433c       0x48 /opt/st/stm32cubeide_1.17.0/plugins/com.st.stm32cube.ide.mcu.externaltools.gnu-tools-for-stm32.12.3.rel1.linux64_1.1.0.202410170702/tools/bin/../lib/gcc/arm-none-eabi/12.3.1/../../../../arm-none-eabi/lib/thumb/v7e-m+fp/hard/libc_nano.a(libc_a-init.o)
                0x0800433c                __libc_init_array
 *(.glue_7)
 .glue_7        0x08004384        0x0 linker stubs
 *(.glue_7t)
 .glue_7t       0x08004384        0x0 linker stubs
 *(.eh_frame)
 .eh_frame      0x08004384        0x0 /opt/st/stm32cubeide_1.17.0/plugins/com.st.stm32cube.ide.mcu.externaltools.gnu-tools-for-stm32.12.3.rel1.linux64_1.1.0.202410170702/tools/bin/../lib/gcc/arm-none-eabi/12.3.1/thumb/v7e-m+fp/hard/crtbegin.o
 *(.init)
 .init          0x08004384        0x4 /opt/st/stm32cubeide_1.17.0/plugins/com.st.stm32cube.ide.mcu.externaltools.gnu-tools-for-stm32.12.3.rel1.linux64_1.1.0.202410170702/tools/bin/../lib/gcc/arm-none-eabi/12.3.1/thumb/v7e-m+fp/hard/crti.o
                0x08004384                _init
 .init          0x08004388        0x8 /opt/st/stm32cubeide_1.17.0/plugins/com.st.stm32cube.ide.mcu.externaltools.gnu-tools-for-stm32.12.3.rel1.linux64_1.1.0.202410170702/tools/bin/../lib/gcc/arm-none-eabi/12.3.1/thumb/v7e-m+fp/hard/crtn.o
 *(.fini)
 .fini          0x08004390        0x4 /opt/st/stm32cubeide_1.17.0/plugins/com.st.stm32cube.ide.mcu.externaltools.gnu-tools-for-stm32.12.3.rel1.linux64_1.1.0.202410170702/tools/bin/../lib/gcc/arm-none-eabi/12.3.1/thumb/v7e-m+fp/hard/crti.o
                0x08004390                _fini
 .fini          0x08004394        0x8 /opt/st/stm32cubeide_1.17.0/plugins/com.st.stm32cube.ide.mcu.externaltools.gnu-tools-for-stm32.12.3.rel1.linux64_1.1.0.202410170702/tools/bin/../lib/gcc/arm-none-eabi/12.3.1/thumb/v7e-m+fp/hard/crtn.o
                0x0800439c                        . = ALIGN (0x4)
                0x0800439c                        _etext = .

.vfp11_veneer   0x0800439c        0x0
 .vfp11_veneer  0x0800439c        0x0 linker stubs

.v4_bx          0x0800439c        0x0
 .v4_bx         0x0800439c        0x0 linker stubs

.iplt           0x0800439c        0x0
 .iplt          0x0800439c        0x0 /opt/st/stm32cubeide_1.17.0/plugins/com.st.stm32cube.ide.mcu.externaltools.gnu-tools-for-stm32.12.3.rel1.linux64_1.1.0.202410170702/tools/bin/../lib/gcc/arm-none-eabi/12.3.1/thumb/v7e-m+fp/hard/crtbegin.o

.rodata         0x0800439c       0x18
                0x0800439c                        . = ALIGN (0x4)
 *(.rodata)
 *(.rodata*)
 .rodata.AHBPrescTable
                0x0800439c       0x10 ./Core/Src/system_stm32f4xx.o
                0x0800439c                AHBPrescTable
 .rodata.APBPrescTable
                0x080043ac        0x8 ./Core/Src/system_stm32f4xx.o
                0x080043ac                APBPrescTable
                0x080043b4                        . = ALIGN (0x4)

.ARM.extab      0x080043b4        0x0
                0x080043b4                        . = ALIGN (0x4)
 *(.ARM.extab* .gnu.linkonce.armextab.*)
                0x080043b4                        . = ALIGN (0x4)

.ARM            0x080043b4        0x8
                0x080043b4                        . = ALIGN (0x4)
                0x080043b4                        __exidx_start = .
 *(.ARM.exidx*)
 .ARM.exidx     0x080043b4        0x8 /opt/st/stm32cubeide_1.17.0/plugins/com.st.stm32cube.ide.mcu.externaltools.gnu-tools-for-stm32.12.3.rel1.linux64_1.1.0.202410170702/tools/bin/../lib/gcc/arm-none-eabi/12.3.1/thumb/v7e-m+fp/hard/libgcc.a(_udivmoddi4.o)
                0x080043bc                        __exidx_end = .
                0x080043bc                        . = ALIGN (0x4)

.preinit_array  0x080043bc        0x0
                0x080043bc                        . = ALIGN (0x4)
                0x080043bc                        PROVIDE (__preinit_array_start = .)
 *(.preinit_array*)
                0x080043bc                        PROVIDE (__preinit_array_end = .)
                0x080043bc                        . = ALIGN (0x4)

.init_array     0x080043bc        0x4
                0x080043bc                        . = ALIGN (0x4)
                0x080043bc                        PROVIDE (__init_array_start = .)
 *(SORT_BY_NAME(.init_array.*))
 *(.init_array*)
 .init_array    0x080043bc        0x4 /opt/st/stm32cubeide_1.17.0/plugins/com.st.stm32cube.ide.mcu.externaltools.gnu-tools-for-stm32.12.3.rel1.linux64_1.1.0.202410170702/tools/bin/../lib/gcc/arm-none-eabi/12.3.1/thumb/v7e-m+fp/hard/crtbegin.o
                0x080043c0                        PROVIDE (__init_array_end = .)
                0x080043c0                        . = ALIGN (0x4)

.fini_array     0x080043c0        0x4
                0x080043c0                        . = ALIGN (0x4)
                [!provide]                        PROVIDE (__fini_array_start = .)
 *(SORT_BY_NAME(.fini_array.*))
 *(.fini_array*)
 .fini_array    0x080043c0        0x4 /opt/st/stm32cubeide_1.17.0/plugins/com.st.stm32cube.ide.mcu.externaltools.gnu-tools-for-stm32.12.3.rel1.linux64_1.1.0.202410170702/tools/bin/../lib/gcc/arm-none-eabi/12.3.1/thumb/v7e-m+fp/hard/crtbegin.o
                [!provide]                        PROVIDE (__fini_array_end = .)
                0x080043c4                        . = ALIGN (0x4)
                0x080043c4                        _sidata = LOADADDR (.data)

.rel.dyn        0x080043c4        0x0
 .rel.iplt      0x080043c4        0x0 /opt/st/stm32cubeide_1.17.0/plugins/com.st.stm32cube.ide.mcu.externaltools.gnu-tools-for-stm32.12.3.rel1.linux64_1.1.0.202410170702/tools/bin/../lib/gcc/arm-none-eabi/12.3.1/thumb/v7e-m+fp/hard/crtbegin.o

.data           0x20000000        0xc load address 0x080043c4
                0x20000000                        . = ALIGN (0x4)
                0x20000000                        _sdata = .
 *(.data)
 *(.data*)
 .data.SystemCoreClock
                0x20000000        0x4 ./Core/Src/system_stm32f4xx.o
                0x20000000                SystemCoreClock
 .data.uwTickPrio
                0x20000004        0x4 ./Drivers/STM32F4xx_HAL_Driver/Src/stm32f4xx_hal.o
                0x20000004                uwTickPrio
 .data.uwTickFreq
                0x20000008        0x1 ./Drivers/STM32F4xx_HAL_Driver/Src/stm32f4xx_hal.o
                0x20000008                uwTickFreq
 *(.RamFunc)
 *(.RamFunc*)
                0x2000000c                        . = ALIGN (0x4)
 *fill*         0x20000009        0x3 
                0x2000000c                        _edata = .
                0x080043d0                        _siccmram = LOADADDR (.ccmram)

.igot.plt       0x2000000c        0x0 load address 0x080043d0
 .igot.plt      0x2000000c        0x0 /opt/st/stm32cubeide_1.17.0/plugins/com.st.stm32cube.ide.mcu.externaltools.gnu-tools-for-stm32.12.3.rel1.linux64_1.1.0.202410170702/tools/bin/../lib/gcc/arm-none-eabi/12.3.1/thumb/v7e-m+fp/hard/crtbegin.o

.ccmram         0x10000000        0x0 load address 0x080043d0
                0x10000000                        . = ALIGN (0x4)
                0x10000000                        _sccmram = .
 *(.ccmram)
 *(.ccmram*)
                0x10000000                        . = ALIGN (0x4)
                0x10000000                        _eccmram = .
                0x10000000                        . = ALIGN (0x4)

.bss            0x2000000c      0x10c
                0x2000000c                        _sbss = .
                0x2000000c                        __bss_start__ = _sbss
 *(.bss)
 .bss           0x2000000c       0x1c /opt/st/stm32cubeide_1.17.0/plugins/com.st.stm32cube.ide.mcu.externaltools.gnu-tools-for-stm32.12.3.rel1.linux64_1.1.0.202410170702/tools/bin/../lib/gcc/arm-none-eabi/12.3.1/thumb/v7e-m+fp/hard/crtbegin.o
 *(.bss*)
 .bss.hcan1     0x20000028       0x28 ./Core/Src/main.o
                0x20000028                hcan1
 .bss.htim4     0x20000050       0x48 ./Core/Src/main.o
                0x20000050                htim4
 .bss.huart2    0x20000098       0x48 ./Core/Src/main.o
                0x20000098                huart2
 .bss.TxHeader  0x200000e0       0x18 ./Core/Src/main.o
                0x200000e0                TxHeader
 .bss.TxData    0x200000f8        0x8 ./Core/Src/main.o
                0x200000f8                TxData
 .bss.TxMailBox
                0x20000100        0x4 ./Core/Src/main.o
                0x20000100                TxMailBox
 .bss.distance  0x20000104        0x2 ./Core/Src/main.o
                0x20000104                distance
 .bss.isReadingFinished
                0x20000106        0x1 ./Core/Src/main.o
                0x20000106                isReadingFinished
 .bss.isRisingCaptured
                0x20000107        0x1 ./Core/Src/main.o
                0x20000107                isRisingCaptured
 .bss.InputCaptureValue_1
                0x20000108        0x4 ./Core/Src/main.o
                0x20000108                InputCaptureValue_1
 .bss.InputCaptureValue_2
                0x2000010c        0x4 ./Core/Src/main.o
                0x2000010c                InputCaptureValue_2
 .bss.InputCaptureDifference
                0x20000110        0x4 ./Core/Src/main.o
                0x20000110                InputCaptureDifference
 .bss.uwTick    0x20000114        0x4 ./Drivers/STM32F4xx_HAL_Driver/Src/stm32f4xx_hal.o
                0x20000114                uwTick
 *(COMMON)
                0x20000118                        . = ALIGN (0x4)
                0x20000118                        _ebss = .
                0x20000118                        __bss_end__ = _ebss

._user_heap_stack
                0x20000118      0x600
                0x20000118                        . = ALIGN (0x8)
                [!provide]                        PROVIDE (end = .)
                0x20000118                        PROVIDE (_end = .)
                0x20000318                        . = (. + _Min_Heap_Size)
 *fill*         0x20000118      0x200 
                0x20000718                        . = (. + _Min_Stack_Size)
 *fill*         0x20000318      0x400 
                0x20000718                        . = ALIGN (0x8)

/DISCARD/
 libc.a(*)
 libm.a(*)
 libgcc.a(*)

.ARM.attributes
                0x00000000       0x30
 *(.ARM.attributes)
 .ARM.attributes
                0x00000000       0x22 /opt/st/stm32cubeide_1.17.0/plugins/com.st.stm32cube.ide.mcu.externaltools.gnu-tools-for-stm32.12.3.rel1.linux64_1.1.0.202410170702/tools/bin/../lib/gcc/arm-none-eabi/12.3.1/thumb/v7e-m+fp/hard/crti.o
 .ARM.attributes
                0x00000022       0x34 /opt/st/stm32cubeide_1.17.0/plugins/com.st.stm32cube.ide.mcu.externaltools.gnu-tools-for-stm32.12.3.rel1.linux64_1.1.0.202410170702/tools/bin/../lib/gcc/arm-none-eabi/12.3.1/thumb/v7e-m+fp/hard/crtbegin.o
 .ARM.attributes
                0x00000056       0x34 ./Core/Src/main.o
 .ARM.attributes
                0x0000008a       0x34 ./Core/Src/stm32f4xx_hal_msp.o
 .ARM.attributes
                0x000000be       0x34 ./Core/Src/stm32f4xx_it.o
 .ARM.attributes
                0x000000f2       0x34 ./Core/Src/system_stm32f4xx.o
 .ARM.attributes
                0x00000126       0x21 ./Core/Startup/startup_stm32f407vgtx.o
 .ARM.attributes
                0x00000147       0x34 ./Drivers/STM32F4xx_HAL_Driver/Src/stm32f4xx_hal.o
 .ARM.attributes
                0x0000017b       0x34 ./Drivers/STM32F4xx_HAL_Driver/Src/stm32f4xx_hal_can.o
 .ARM.attributes
                0x000001af       0x34 ./Drivers/STM32F4xx_HAL_Driver/Src/stm32f4xx_hal_cortex.o
 .ARM.attributes
                0x000001e3       0x34 ./Drivers/STM32F4xx_HAL_Driver/Src/stm32f4xx_hal_gpio.o
 .ARM.attributes
                0x00000217       0x34 ./Drivers/STM32F4xx_HAL_Driver/Src/stm32f4xx_hal_rcc.o
 .ARM.attributes
                0x0000024b       0x34 ./Drivers/STM32F4xx_HAL_Driver/Src/stm32f4xx_hal_tim.o
 .ARM.attributes
                0x0000027f       0x34 ./Drivers/STM32F4xx_HAL_Driver/Src/stm32f4xx_hal_tim_ex.o
 .ARM.attributes
                0x000002b3       0x34 ./Drivers/STM32F4xx_HAL_Driver/Src/stm32f4xx_hal_uart.o
 .ARM.attributes
                0x000002e7       0x34 /opt/st/stm32cubeide_1.17.0/plugins/com.st.stm32cube.ide.mcu.externaltools.gnu-tools-for-stm32.12.3.rel1.linux64_1.1.0.202410170702/tools/bin/../lib/gcc/arm-none-eabi/12.3.1/../../../../arm-none-eabi/lib/thumb/v7e-m+fp/hard/libc_nano.a(libc_a-memset.o)
 .ARM.attributes
                0x0000031b       0x34 /opt/st/stm32cubeide_1.17.0/plugins/com.st.stm32cube.ide.mcu.externaltools.gnu-tools-for-stm32.12.3.rel1.linux64_1.1.0.202410170702/tools/bin/../lib/gcc/arm-none-eabi/12.3.1/../../../../arm-none-eabi/lib/thumb/v7e-m+fp/hard/libc_nano.a(libc_a-init.o)
 .ARM.attributes
                0x0000034f       0x22 /opt/st/stm32cubeide_1.17.0/plugins/com.st.stm32cube.ide.mcu.externaltools.gnu-tools-for-stm32.12.3.rel1.linux64_1.1.0.202410170702/tools/bin/../lib/gcc/arm-none-eabi/12.3.1/thumb/v7e-m+fp/hard/libgcc.a(_arm_muldf3.o)
 .ARM.attributes
                0x00000371       0x22 /opt/st/stm32cubeide_1.17.0/plugins/com.st.stm32cube.ide.mcu.externaltools.gnu-tools-for-stm32.12.3.rel1.linux64_1.1.0.202410170702/tools/bin/../lib/gcc/arm-none-eabi/12.3.1/thumb/v7e-m+fp/hard/libgcc.a(_arm_addsubdf3.o)
 .ARM.attributes
                0x00000393       0x22 /opt/st/stm32cubeide_1.17.0/plugins/com.st.stm32cube.ide.mcu.externaltools.gnu-tools-for-stm32.12.3.rel1.linux64_1.1.0.202410170702/tools/bin/../lib/gcc/arm-none-eabi/12.3.1/thumb/v7e-m+fp/hard/libgcc.a(_arm_fixunsdfsi.o)
 .ARM.attributes
                0x000003b5       0x22 /opt/st/stm32cubeide_1.17.0/plugins/com.st.stm32cube.ide.mcu.externaltools.gnu-tools-for-stm32.12.3.rel1.linux64_1.1.0.202410170702/tools/bin/../lib/gcc/arm-none-eabi/12.3.1/thumb/v7e-m+fp/hard/libgcc.a(_aeabi_uldivmod.o)
 .ARM.attributes
                0x000003d7       0x34 /opt/st/stm32cubeide_1.17.0/plugins/com.st.stm32cube.ide.mcu.externaltools.gnu-tools-for-stm32.12.3.rel1.linux64_1.1.0.202410170702/tools/bin/../lib/gcc/arm-none-eabi/12.3.1/thumb/v7e-m+fp/hard/libgcc.a(_udivmoddi4.o)
 .ARM.attributes
                0x0000040b       0x22 /opt/st/stm32cubeide_1.17.0/plugins/com.st.stm32cube.ide.mcu.externaltools.gnu-tools-for-stm32.12.3.rel1.linux64_1.1.0.202410170702/tools/bin/../lib/gcc/arm-none-eabi/12.3.1/thumb/v7e-m+fp/hard/libgcc.a(_dvmd_tls.o)
 .ARM.attributes
                0x0000042d       0x22 /opt/st/stm32cubeide_1.17.0/plugins/com.st.stm32cube.ide.mcu.externaltools.gnu-tools-for-stm32.12.3.rel1.linux64_1.1.0.202410170702/tools/bin/../lib/gcc/arm-none-eabi/12.3.1/thumb/v7e-m+fp/hard/crtn.o
OUTPUT(HAL_CAN_2.elf elf32-littlearm)
LOAD linker stubs
LOAD /opt/st/stm32cubeide_1.17.0/plugins/com.st.stm32cube.ide.mcu.externaltools.gnu-tools-for-stm32.12.3.rel1.linux64_1.1.0.202410170702/tools/bin/../lib/gcc/arm-none-eabi/12.3.1/../../../../arm-none-eabi/lib/thumb/v7e-m+fp/hard/libc.a
LOAD /opt/st/stm32cubeide_1.17.0/plugins/com.st.stm32cube.ide.mcu.externaltools.gnu-tools-for-stm32.12.3.rel1.linux64_1.1.0.202410170702/tools/bin/../lib/gcc/arm-none-eabi/12.3.1/../../../../arm-none-eabi/lib/thumb/v7e-m+fp/hard/libm.a
LOAD /opt/st/stm32cubeide_1.17.0/plugins/com.st.stm32cube.ide.mcu.externaltools.gnu-tools-for-stm32.12.3.rel1.linux64_1.1.0.202410170702/tools/bin/../lib/gcc/arm-none-eabi/12.3.1/thumb/v7e-m+fp/hard/libgcc.a

.debug_info     0x00000000     0xded2
 .debug_info    0x00000000     0x17bc ./Core/Src/main.o
 .debug_info    0x000017bc     0x13bd ./Core/Src/stm32f4xx_hal_msp.o
 .debug_info    0x00002b79      0xac5 ./Core/Src/stm32f4xx_it.o
 .debug_info    0x0000363e      0x512 ./Core/Src/system_stm32f4xx.o
 .debug_info    0x00003b50       0x30 ./Core/Startup/startup_stm32f407vgtx.o
 .debug_info    0x00003b80      0x944 ./Drivers/STM32F4xx_HAL_Driver/Src/stm32f4xx_hal.o
 .debug_info    0x000044c4      0xf49 ./Drivers/STM32F4xx_HAL_Driver/Src/stm32f4xx_hal_can.o
 .debug_info    0x0000540d      0xd8c ./Drivers/STM32F4xx_HAL_Driver/Src/stm32f4xx_hal_cortex.o
 .debug_info    0x00006199      0x6c3 ./Drivers/STM32F4xx_HAL_Driver/Src/stm32f4xx_hal_gpio.o
 .debug_info    0x0000685c      0x8af ./Drivers/STM32F4xx_HAL_Driver/Src/stm32f4xx_hal_rcc.o
 .debug_info    0x0000710b     0x299d ./Drivers/STM32F4xx_HAL_Driver/Src/stm32f4xx_hal_tim.o
 .debug_info    0x00009aa8     0x14db ./Drivers/STM32F4xx_HAL_Driver/Src/stm32f4xx_hal_tim_ex.o
 .debug_info    0x0000af83     0x2f4f ./Drivers/STM32F4xx_HAL_Driver/Src/stm32f4xx_hal_uart.o

.debug_abbrev   0x00000000     0x1c6c
 .debug_abbrev  0x00000000      0x2fc ./Core/Src/main.o
 .debug_abbrev  0x000002fc      0x23c ./Core/Src/stm32f4xx_hal_msp.o
 .debug_abbrev  0x00000538      0x1d9 ./Core/Src/stm32f4xx_it.o
 .debug_abbrev  0x00000711      0x11a ./Core/Src/system_stm32f4xx.o
 .debug_abbrev  0x0000082b       0x24 ./Core/Startup/startup_stm32f407vgtx.o
 .debug_abbrev  0x0000084f      0x214 ./Drivers/STM32F4xx_HAL_Driver/Src/stm32f4xx_hal.o
 .debug_abbrev  0x00000a63      0x258 ./Drivers/STM32F4xx_HAL_Driver/Src/stm32f4xx_hal_can.o
 .debug_abbrev  0x00000cbb      0x31d ./Drivers/STM32F4xx_HAL_Driver/Src/stm32f4xx_hal_cortex.o
 .debug_abbrev  0x00000fd8      0x1d4 ./Drivers/STM32F4xx_HAL_Driver/Src/stm32f4xx_hal_gpio.o
 .debug_abbrev  0x000011ac      0x2b7 ./Drivers/STM32F4xx_HAL_Driver/Src/stm32f4xx_hal_rcc.o
 .debug_abbrev  0x00001463      0x278 ./Drivers/STM32F4xx_HAL_Driver/Src/stm32f4xx_hal_tim.o
 .debug_abbrev  0x000016db      0x283 ./Drivers/STM32F4xx_HAL_Driver/Src/stm32f4xx_hal_tim_ex.o
 .debug_abbrev  0x0000195e      0x30e ./Drivers/STM32F4xx_HAL_Driver/Src/stm32f4xx_hal_uart.o

.debug_aranges  0x00000000      0xce8
 .debug_aranges
                0x00000000       0x60 ./Core/Src/main.o
 .debug_aranges
                0x00000060       0x50 ./Core/Src/stm32f4xx_hal_msp.o
 .debug_aranges
                0x000000b0       0x70 ./Core/Src/stm32f4xx_it.o
 .debug_aranges
                0x00000120       0x28 ./Core/Src/system_stm32f4xx.o
 .debug_aranges
                0x00000148       0x28 ./Core/Startup/startup_stm32f407vgtx.o
 .debug_aranges
                0x00000170       0xf0 ./Drivers/STM32F4xx_HAL_Driver/Src/stm32f4xx_hal.o
 .debug_aranges
                0x00000260      0x138 ./Drivers/STM32F4xx_HAL_Driver/Src/stm32f4xx_hal_can.o
 .debug_aranges
                0x00000398      0x130 ./Drivers/STM32F4xx_HAL_Driver/Src/stm32f4xx_hal_cortex.o
 .debug_aranges
                0x000004c8       0x58 ./Drivers/STM32F4xx_HAL_Driver/Src/stm32f4xx_hal_gpio.o
 .debug_aranges
                0x00000520       0x88 ./Drivers/STM32F4xx_HAL_Driver/Src/stm32f4xx_hal_rcc.o
 .debug_aranges
                0x000005a8      0x3d0 ./Drivers/STM32F4xx_HAL_Driver/Src/stm32f4xx_hal_tim.o
 .debug_aranges
                0x00000978      0x168 ./Drivers/STM32F4xx_HAL_Driver/Src/stm32f4xx_hal_tim_ex.o
 .debug_aranges
                0x00000ae0      0x208 ./Drivers/STM32F4xx_HAL_Driver/Src/stm32f4xx_hal_uart.o

.debug_rnglists
                0x00000000      0xa22
 .debug_rnglists
                0x00000000       0x49 ./Core/Src/main.o
 .debug_rnglists
                0x00000049       0x3a ./Core/Src/stm32f4xx_hal_msp.o
 .debug_rnglists
                0x00000083       0x4f ./Core/Src/stm32f4xx_it.o
 .debug_rnglists
                0x000000d2       0x1a ./Core/Src/system_stm32f4xx.o
 .debug_rnglists
                0x000000ec       0x19 ./Core/Startup/startup_stm32f407vgtx.o
 .debug_rnglists
                0x00000105       0xaf ./Drivers/STM32F4xx_HAL_Driver/Src/stm32f4xx_hal.o
 .debug_rnglists
                0x000001b4       0xee ./Drivers/STM32F4xx_HAL_Driver/Src/stm32f4xx_hal_can.o
 .debug_rnglists
                0x000002a2       0xe0 ./Drivers/STM32F4xx_HAL_Driver/Src/stm32f4xx_hal_cortex.o
 .debug_rnglists
                0x00000382       0x3f ./Drivers/STM32F4xx_HAL_Driver/Src/stm32f4xx_hal_gpio.o
 .debug_rnglists
                0x000003c1       0x66 ./Drivers/STM32F4xx_HAL_Driver/Src/stm32f4xx_hal_rcc.o
 .debug_rnglists
                0x00000427      0x31a ./Drivers/STM32F4xx_HAL_Driver/Src/stm32f4xx_hal_tim.o
 .debug_rnglists
                0x00000741      0x125 ./Drivers/STM32F4xx_HAL_Driver/Src/stm32f4xx_hal_tim_ex.o
 .debug_rnglists
                0x00000866      0x1bc ./Drivers/STM32F4xx_HAL_Driver/Src/stm32f4xx_hal_uart.o

.debug_macro    0x00000000    0x21123
 .debug_macro   0x00000000      0x2fc ./Core/Src/main.o
 .debug_macro   0x000002fc      0xab4 ./Core/Src/main.o
 .debug_macro   0x00000db0      0x2a1 ./Core/Src/main.o
 .debug_macro   0x00001051       0x2e ./Core/Src/main.o
 .debug_macro   0x0000107f       0x2f ./Core/Src/main.o
 .debug_macro   0x000010ae       0x22 ./Core/Src/main.o
 .debug_macro   0x000010d0       0x8e ./Core/Src/main.o
 .debug_macro   0x0000115e       0x51 ./Core/Src/main.o
 .debug_macro   0x000011af      0x103 ./Core/Src/main.o
 .debug_macro   0x000012b2       0x6a ./Core/Src/main.o
 .debug_macro   0x0000131c      0x1df ./Core/Src/main.o
 .debug_macro   0x000014fb       0x1c ./Core/Src/main.o
 .debug_macro   0x00001517       0x22 ./Core/Src/main.o
 .debug_macro   0x00001539       0xfb ./Core/Src/main.o
 .debug_macro   0x00001634     0x1011 ./Core/Src/main.o
 .debug_macro   0x00002645      0x11f ./Core/Src/main.o
 .debug_macro   0x00002764    0x15e97 ./Core/Src/main.o
 .debug_macro   0x000185fb       0x6d ./Core/Src/main.o
 .debug_macro   0x00018668     0x369a ./Core/Src/main.o
 .debug_macro   0x0001bd02      0x189 ./Core/Src/main.o
 .debug_macro   0x0001be8b       0x5c ./Core/Src/main.o
 .debug_macro   0x0001bee7      0x980 ./Core/Src/main.o
 .debug_macro   0x0001c867      0x9e9 ./Core/Src/main.o
 .debug_macro   0x0001d250      0x115 ./Core/Src/main.o
 .debug_macro   0x0001d365      0x13e ./Core/Src/main.o
 .debug_macro   0x0001d4a3       0xa5 ./Core/Src/main.o
 .debug_macro   0x0001d548      0x174 ./Core/Src/main.o
 .debug_macro   0x0001d6bc      0x287 ./Core/Src/main.o
 .debug_macro   0x0001d943       0x5f ./Core/Src/main.o
 .debug_macro   0x0001d9a2      0x236 ./Core/Src/main.o
 .debug_macro   0x0001dbd8      0x40f ./Core/Src/main.o
 .debug_macro   0x0001dfe7      0x12c ./Core/Src/main.o
 .debug_macro   0x0001e113      0x21e ./Core/Src/main.o
 .debug_macro   0x0001e331       0x2e ./Core/Src/main.o
 .debug_macro   0x0001e35f      0x127 ./Core/Src/main.o
 .debug_macro   0x0001e486       0x7e ./Core/Src/main.o
 .debug_macro   0x0001e504       0x89 ./Core/Src/main.o
 .debug_macro   0x0001e58d      0x8ed ./Core/Src/main.o
 .debug_macro   0x0001ee7a       0x4d ./Core/Src/main.o
 .debug_macro   0x0001eec7      0x2aa ./Core/Src/main.o
 .debug_macro   0x0001f171      0x12d ./Core/Src/main.o
 .debug_macro   0x0001f29e       0x61 ./Core/Src/main.o
 .debug_macro   0x0001f2ff       0x2a ./Core/Src/main.o
 .debug_macro   0x0001f329       0x43 ./Core/Src/main.o
 .debug_macro   0x0001f36c       0x34 ./Core/Src/main.o
 .debug_macro   0x0001f3a0       0x16 ./Core/Src/main.o
 .debug_macro   0x0001f3b6       0x35 ./Core/Src/main.o
 .debug_macro   0x0001f3eb      0x369 ./Core/Src/main.o
 .debug_macro   0x0001f754       0x10 ./Core/Src/main.o
 .debug_macro   0x0001f764       0x16 ./Core/Src/main.o
 .debug_macro   0x0001f77a       0x43 ./Core/Src/main.o
 .debug_macro   0x0001f7bd       0x34 ./Core/Src/main.o
 .debug_macro   0x0001f7f1       0x10 ./Core/Src/main.o
 .debug_macro   0x0001f801       0x58 ./Core/Src/main.o
 .debug_macro   0x0001f859       0x8e ./Core/Src/main.o
 .debug_macro   0x0001f8e7       0x1c ./Core/Src/main.o
 .debug_macro   0x0001f903      0x177 ./Core/Src/main.o
 .debug_macro   0x0001fa7a       0x16 ./Core/Src/main.o
 .debug_macro   0x0001fa90       0x16 ./Core/Src/main.o
 .debug_macro   0x0001faa6      0x146 ./Core/Src/main.o
 .debug_macro   0x0001fbec       0x16 ./Core/Src/main.o
 .debug_macro   0x0001fc02       0x20 ./Core/Src/main.o
 .debug_macro   0x0001fc22      0x1e2 ./Core/Src/stm32f4xx_hal_msp.o
 .debug_macro   0x0001fe04      0x1ec ./Core/Src/stm32f4xx_it.o
 .debug_macro   0x0001fff0      0x1d8 ./Core/Src/system_stm32f4xx.o
 .debug_macro   0x000201c8      0x238 ./Drivers/STM32F4xx_HAL_Driver/Src/stm32f4xx_hal.o
 .debug_macro   0x00020400      0x1e7 ./Drivers/STM32F4xx_HAL_Driver/Src/stm32f4xx_hal_can.o
 .debug_macro   0x000205e7      0x1d8 ./Drivers/STM32F4xx_HAL_Driver/Src/stm32f4xx_hal_cortex.o
 .debug_macro   0x000207bf      0x1de ./Drivers/STM32F4xx_HAL_Driver/Src/stm32f4xx_hal_gpio.o
 .debug_macro   0x0002099d      0x1fc ./Drivers/STM32F4xx_HAL_Driver/Src/stm32f4xx_hal_rcc.o
 .debug_macro   0x00020b99      0x1d9 ./Drivers/STM32F4xx_HAL_Driver/Src/stm32f4xx_hal_tim.o
 .debug_macro   0x00020d72      0x1d8 ./Drivers/STM32F4xx_HAL_Driver/Src/stm32f4xx_hal_tim_ex.o
 .debug_macro   0x00020f4a      0x1d9 ./Drivers/STM32F4xx_HAL_Driver/Src/stm32f4xx_hal_uart.o

.debug_line     0x00000000     0xd9eb
 .debug_line    0x00000000      0xa81 ./Core/Src/main.o
 .debug_line    0x00000a81      0x790 ./Core/Src/stm32f4xx_hal_msp.o
 .debug_line    0x00001211      0x795 ./Core/Src/stm32f4xx_it.o
 .debug_line    0x000019a6      0x727 ./Core/Src/system_stm32f4xx.o
 .debug_line    0x000020cd       0x7a ./Core/Startup/startup_stm32f407vgtx.o
 .debug_line    0x00002147      0x990 ./Drivers/STM32F4xx_HAL_Driver/Src/stm32f4xx_hal.o
 .debug_line    0x00002ad7     0x113f ./Drivers/STM32F4xx_HAL_Driver/Src/stm32f4xx_hal_can.o
 .debug_line    0x00003c16      0xc82 ./Drivers/STM32F4xx_HAL_Driver/Src/stm32f4xx_hal_cortex.o
 .debug_line    0x00004898      0xb1c ./Drivers/STM32F4xx_HAL_Driver/Src/stm32f4xx_hal_gpio.o
 .debug_line    0x000053b4      0xd1b ./Drivers/STM32F4xx_HAL_Driver/Src/stm32f4xx_hal_rcc.o
 .debug_line    0x000060cf     0x3734 ./Drivers/STM32F4xx_HAL_Driver/Src/stm32f4xx_hal_tim.o
 .debug_line    0x00009803     0x1986 ./Drivers/STM32F4xx_HAL_Driver/Src/stm32f4xx_hal_tim_ex.o
 .debug_line    0x0000b189     0x2862 ./Drivers/STM32F4xx_HAL_Driver/Src/stm32f4xx_hal_uart.o

.debug_str      0x00000000    0xcd56a
 .debug_str     0x00000000    0xca3ea ./Core/Src/main.o
                              0xca7b1 (size before relaxing)
 .debug_str     0x000ca3ea      0x5f7 ./Core/Src/stm32f4xx_hal_msp.o
                              0xc6fe8 (size before relaxing)
 .debug_str     0x000ca9e1      0x113 ./Core/Src/stm32f4xx_it.o
                              0xc6793 (size before relaxing)
 .debug_str     0x000caaf4       0xdb ./Core/Src/system_stm32f4xx.o
                              0xc60d9 (size before relaxing)
 .debug_str     0x000cabcf       0x44 ./Core/Startup/startup_stm32f407vgtx.o
                                 0x7e (size before relaxing)
 .debug_str     0x000cac13      0x5f0 ./Drivers/STM32F4xx_HAL_Driver/Src/stm32f4xx_hal.o
                              0xc6c5d (size before relaxing)
 .debug_str     0x000cb203      0x474 ./Drivers/STM32F4xx_HAL_Driver/Src/stm32f4xx_hal_can.o
                              0xc67d3 (size before relaxing)
 .debug_str     0x000cb677      0x36b ./Drivers/STM32F4xx_HAL_Driver/Src/stm32f4xx_hal_cortex.o
                              0xc69d9 (size before relaxing)
 .debug_str     0x000cb9e2      0x110 ./Drivers/STM32F4xx_HAL_Driver/Src/stm32f4xx_hal_gpio.o
                              0xc6254 (size before relaxing)
 .debug_str     0x000cbaf2      0x233 ./Drivers/STM32F4xx_HAL_Driver/Src/stm32f4xx_hal_rcc.o
                              0xc650d (size before relaxing)
 .debug_str     0x000cbd25      0xd83 ./Drivers/STM32F4xx_HAL_Driver/Src/stm32f4xx_hal_tim.o
                              0xc7463 (size before relaxing)
 .debug_str     0x000ccaa8      0x493 ./Drivers/STM32F4xx_HAL_Driver/Src/stm32f4xx_hal_tim_ex.o
                              0xc6c6f (size before relaxing)
 .debug_str     0x000ccf3b      0x62f ./Drivers/STM32F4xx_HAL_Driver/Src/stm32f4xx_hal_uart.o
                              0xc6aee (size before relaxing)

.comment        0x00000000       0x43
 .comment       0x00000000       0x43 ./Core/Src/main.o
                                 0x44 (size before relaxing)
 .comment       0x00000043       0x44 ./Core/Src/stm32f4xx_hal_msp.o
 .comment       0x00000043       0x44 ./Core/Src/stm32f4xx_it.o
 .comment       0x00000043       0x44 ./Core/Src/system_stm32f4xx.o
 .comment       0x00000043       0x44 ./Drivers/STM32F4xx_HAL_Driver/Src/stm32f4xx_hal.o
 .comment       0x00000043       0x44 ./Drivers/STM32F4xx_HAL_Driver/Src/stm32f4xx_hal_can.o
 .comment       0x00000043       0x44 ./Drivers/STM32F4xx_HAL_Driver/Src/stm32f4xx_hal_cortex.o
 .comment       0x00000043       0x44 ./Drivers/STM32F4xx_HAL_Driver/Src/stm32f4xx_hal_gpio.o
 .comment       0x00000043       0x44 ./Drivers/STM32F4xx_HAL_Driver/Src/stm32f4xx_hal_rcc.o
 .comment       0x00000043       0x44 ./Drivers/STM32F4xx_HAL_Driver/Src/stm32f4xx_hal_tim.o
 .comment       0x00000043       0x44 ./Drivers/STM32F4xx_HAL_Driver/Src/stm32f4xx_hal_tim_ex.o
 .comment       0x00000043       0x44 ./Drivers/STM32F4xx_HAL_Driver/Src/stm32f4xx_hal_uart.o

.debug_frame    0x00000000     0x3828
 .debug_frame   0x00000000      0x134 ./Core/Src/main.o
 .debug_frame   0x00000134      0x10c ./Core/Src/stm32f4xx_hal_msp.o
 .debug_frame   0x00000240      0x13c ./Core/Src/stm32f4xx_it.o
 .debug_frame   0x0000037c       0x58 ./Core/Src/system_stm32f4xx.o
 .debug_frame   0x000003d4      0x374 ./Drivers/STM32F4xx_HAL_Driver/Src/stm32f4xx_hal.o
 .debug_frame   0x00000748      0x5a0 ./Drivers/STM32F4xx_HAL_Driver/Src/stm32f4xx_hal_can.o
 .debug_frame   0x00000ce8      0x508 ./Drivers/STM32F4xx_HAL_Driver/Src/stm32f4xx_hal_cortex.o
 .debug_frame   0x000011f0      0x14c ./Drivers/STM32F4xx_HAL_Driver/Src/stm32f4xx_hal_gpio.o
 .debug_frame   0x0000133c      0x1f4 ./Drivers/STM32F4xx_HAL_Driver/Src/stm32f4xx_hal_rcc.o
 .debug_frame   0x00001530     0x11c0 ./Drivers/STM32F4xx_HAL_Driver/Src/stm32f4xx_hal_tim.o
 .debug_frame   0x000026f0      0x638 ./Drivers/STM32F4xx_HAL_Driver/Src/stm32f4xx_hal_tim_ex.o
 .debug_frame   0x00002d28      0x954 ./Drivers/STM32F4xx_HAL_Driver/Src/stm32f4xx_hal_uart.o
 .debug_frame   0x0000367c       0x20 /opt/st/stm32cubeide_1.17.0/plugins/com.st.stm32cube.ide.mcu.externaltools.gnu-tools-for-stm32.12.3.rel1.linux64_1.1.0.202410170702/tools/bin/../lib/gcc/arm-none-eabi/12.3.1/../../../../arm-none-eabi/lib/thumb/v7e-m+fp/hard/libc_nano.a(libc_a-memset.o)
 .debug_frame   0x0000369c       0x2c /opt/st/stm32cubeide_1.17.0/plugins/com.st.stm32cube.ide.mcu.externaltools.gnu-tools-for-stm32.12.3.rel1.linux64_1.1.0.202410170702/tools/bin/../lib/gcc/arm-none-eabi/12.3.1/../../../../arm-none-eabi/lib/thumb/v7e-m+fp/hard/libc_nano.a(libc_a-init.o)
 .debug_frame   0x000036c8       0x30 /opt/st/stm32cubeide_1.17.0/plugins/com.st.stm32cube.ide.mcu.externaltools.gnu-tools-for-stm32.12.3.rel1.linux64_1.1.0.202410170702/tools/bin/../lib/gcc/arm-none-eabi/12.3.1/thumb/v7e-m+fp/hard/libgcc.a(_arm_muldf3.o)
 .debug_frame   0x000036f8       0xac /opt/st/stm32cubeide_1.17.0/plugins/com.st.stm32cube.ide.mcu.externaltools.gnu-tools-for-stm32.12.3.rel1.linux64_1.1.0.202410170702/tools/bin/../lib/gcc/arm-none-eabi/12.3.1/thumb/v7e-m+fp/hard/libgcc.a(_arm_addsubdf3.o)
 .debug_frame   0x000037a4       0x24 /opt/st/stm32cubeide_1.17.0/plugins/com.st.stm32cube.ide.mcu.externaltools.gnu-tools-for-stm32.12.3.rel1.linux64_1.1.0.202410170702/tools/bin/../lib/gcc/arm-none-eabi/12.3.1/thumb/v7e-m+fp/hard/libgcc.a(_arm_fixunsdfsi.o)
 .debug_frame   0x000037c8       0x2c /opt/st/stm32cubeide_1.17.0/plugins/com.st.stm32cube.ide.mcu.externaltools.gnu-tools-for-stm32.12.3.rel1.linux64_1.1.0.202410170702/tools/bin/../lib/gcc/arm-none-eabi/12.3.1/thumb/v7e-m+fp/hard/libgcc.a(_aeabi_uldivmod.o)
 .debug_frame   0x000037f4       0x34 /opt/st/stm32cubeide_1.17.0/plugins/com.st.stm32cube.ide.mcu.externaltools.gnu-tools-for-stm32.12.3.rel1.linux64_1.1.0.202410170702/tools/bin/../lib/gcc/arm-none-eabi/12.3.1/thumb/v7e-m+fp/hard/libgcc.a(_udivmoddi4.o)

.debug_line_str
                0x00000000       0x62
 .debug_line_str
                0x00000000       0x62 ./Core/Startup/startup_stm32f407vgtx.o
